[2026-08-20 17:32:43] Book added: The Hobbit
[2026-08-20 17:35:42] Member added: Armita Shahim
[2026-08-20 17:36:58] Book borrowed: 9780261102217 by member: M001
[2026-08-20 17:38:23] Book returned: 9780261102217 by member: M001
[2026-08-20 17:48:48] Book added: Harry Potter
[2026-08-21 09:14:09] Book added: Test Book
[2026-08-21 09:14:09] Member added: Test Member
[2026-08-21 09:14:09] Book borrowed: 9999999999 by member: test001
[2026-08-21 09:15:27] Book returned: 9999999999 by member: test001
[2026-08-21 09:16:54] Book borrowed: 9999999999 by member: test001
[2026-08-21 09:24:22] Book added: Test Book
[2026-08-21 09:42:50] Book added: Test Book
[2026-08-21 09:42:50] Member added: Test Member
[2026-08-21 09:42:50] Book borrowed: 9999999998 by member: test002
[2026-08-21 09:44:08] Book returned: 9999999998 by member: test002
[2026-08-21 09:45:29] Book borrowed: 9999999998 by member: test002
[2026-08-21 10:22:27] Book added: History Test Book
[2026-08-21 10:22:27] Member added: History Test Member
[2026-08-21 10:22:27] Book borrowed: 9999999997 by member: history001
[2026-08-21 10:22:27] Book returned: 9999999997 by member: history001
[2026-08-21 11:07:32] Book added: Test Book
[2026-08-21 11:15:42] Book added: Available Fantasy Book
[2026-08-21 11:15:42] Book added: Available Science Book
[2026-08-21 11:15:42] Book added: Borrowed Fantasy Book
[2026-08-21 11:15:42] Member added: Filter Test Member
[2026-08-21 11:15:42] Book borrowed: 3333333333 by member: filter001
[2026-08-21 11:16:45] Book added: Available Fantasy Book
[2026-08-21 11:16:45] Book added: Available Science Book
[2026-08-21 11:16:45] Book added: Borrowed Fantasy Book
[2026-08-21 11:16:45] Member added: Filter Test Member
[2026-08-21 11:16:45] Book borrowed: 3333333333 by member: filter001
[2026-08-21 11:18:07] Book added: Available Fantasy Book
[2026-08-21 11:18:07] Book added: Available Science Book
[2026-08-21 11:18:07] Book added: Borrowed Fantasy Book
[2026-08-21 11:18:07] Member added: Filter Test Member
[2026-08-21 11:18:07] Book borrowed: 3333333333 by member: filter001
[2026-08-21 11:23:07] Book added: Available Fantasy Book
[2026-08-21 11:23:07] Book added: Available Science Book
[2026-08-21 11:23:07] Book added: Borrowed Fantasy Book
[2026-08-21 11:23:07] Member added: Filter Test Member
[2026-08-21 11:23:07] Book borrowed: 3333333333 by member: filter001
[2026-08-21 11:45:48] Book added: the Hobbit
[2026-08-21 11:48:51] Member added: sasa
[2026-08-21 11:49:44] Book borrowed: 1234567890987 by member: 123
[2026-08-21 13:12:17] Book added: Harry Potter
[2026-08-21 13:13:13] Book added: The maze runner
[2026-08-21 13:49:49] Member added: sasha
